[www.ahpsr.org/stories/pillars-of-strength-embedded-research-resilience-mozambique/index.html]
[backblue.gif]
[fade.gif]
[index.html]
[www.ahpsr.org/wp-content/themes/astra/assets/css/minified/style.minac9e.css]
[www.ahpsr.org/wp-content/themes/astra/assets/css/minified/menu-animation.minac9e.css]
[www.ahpsr.org/wp-includes/css/dist/block-library/style.minc8d8.css]
[www.ahpsr.org/wp-includes/css/dist/components/style.minc8d8.css]
[www.ahpsr.org/wp-includes/css/dist/nux/style.minc8d8.css]
[www.ahpsr.org/wp-includes/css/dist/block-editor/style.minc8d8.css]
[www.ahpsr.org/wp-includes/css/dist/reusable-blocks/style.minc8d8.css]
[www.ahpsr.org/wp-content/plugins/sticky-block/dist/blocks.style.build.css]
[www.ahpsr.org/wp-content/plugins/amazon-polly/public/css/amazonpolly-public8a54.css]
[www.ahpsr.org/wp-includes/css/dist/editor/style.minc8d8.css]
[use.typekit.net/whn6etf2889.css]
[www.ahpsr.org/wp-content/plugins/show-hidecollapse-expand/assets/css/genericons/genericonsc8d8.css]
[www.ahpsr.org/wp-content/plugins/show-hidecollapse-expand/assets/css/bg-show-hidec8d8.css]
[www.ahpsr.org/wp-content/plugins/ultimate-member/assets/css/um-fonticons-iia1ec.css]
[www.ahpsr.org/wp-content/plugins/ultimate-member/assets/css/um-fonticons-faa1ec.css]
[www.ahpsr.org/wp-content/plugins/ultimate-member/assets/css/select2/select2.min4819.css]
[www.ahpsr.org/wp-content/plugins/ultimate-member/assets/css/um-cropa1ec.css]
[www.ahpsr.org/wp-content/plugins/ultimate-member/assets/css/um-modala1ec.css]
[www.ahpsr.org/wp-content/plugins/ultimate-member/assets/css/um-stylesa1ec.css]
[www.ahpsr.org/wp-content/plugins/ultimate-member/assets/css/um-profilea1ec.css]
[www.ahpsr.org/wp-content/plugins/ultimate-member/assets/css/um-accounta1ec.css]
[www.ahpsr.org/wp-content/plugins/ultimate-member/assets/css/um-misca1ec.css]
[www.ahpsr.org/wp-content/plugins/ultimate-member/assets/css/um-fileuploada1ec.css]
[www.ahpsr.org/wp-content/plugins/ultimate-member/assets/css/pickadate/defaulta1ec.css]
[www.ahpsr.org/wp-content/plugins/ultimate-member/assets/css/pickadate/default.datea1ec.css]
[www.ahpsr.org/wp-content/plugins/ultimate-member/assets/css/pickadate/default.timea1ec.css]
[www.ahpsr.org/wp-content/plugins/ultimate-member/assets/css/um-ratya1ec.css]
[www.ahpsr.org/wp-content/plugins/ultimate-member/assets/css/simplebara1ec.css]
[www.ahpsr.org/wp-content/plugins/ultimate-member/assets/css/um-tipsya1ec.css]
[www.ahpsr.org/wp-content/plugins/ultimate-member/assets/css/um-responsivea1ec.css]
[www.ahpsr.org/wp-content/plugins/ultimate-member/assets/css/um-old-defaulta1ec.css]
[www.ahpsr.org/wp-content/plugins/google-analytics-for-wordpress/assets/js/frontend-gtag.min9461.js]
[www.ahpsr.org/wp-includes/js/jquery/jquery-migrate.mind617.js]
[www.ahpsr.org/wp-content/plugins/amazon-polly/public/js/amazonpolly-public8a54.js]
[www.ahpsr.org/wp-content/plugins/menu-in-post/js/main-minc8d8.js]
[www.ahpsr.org/wp-content/plugins/ultimate-member/assets/js/um-gdpr.mina1ec.js]
[use.typekit.net/whn6etf.css]
[www.ahpsr.org/wp-includes/js/jquery/jquery.minaf6c.js]
[www.ahpsr.org/wp-content/uploads/2020/10/shorthand/12/Nag4LcjYeg/static/story.21449.min.css]
[www.ahpsr.org/wp-content/uploads/2020/10/shorthand/12/Nag4LcjYeg/assets/favicon.png]
[www.google-analytics.com/analytics.js]
[www.ahpsr.org/wp-content/uploads/2020/10/shorthand/12/Nag4LcjYeg/static/ie.21449.min.js]
[www.ahpsr.org/wp-content/uploads/2020/10/shorthand/12/Nag4LcjYeg/static/head.21449.min.js]
[code.jquery.com/jquery-3.2.1.slim.min.js]
[www.ahpsr.org/wp-content/uploads/2020/09/logomark-70x71.png]
[www.ahpsr.org/wp-content/uploads/2020/09/logomark.png]
[www.ahpsr.org/wp-content/uploads/2020/10/shorthand/12/Nag4LcjYeg/assets/logo.png]
[www.ahpsr.org/wp-content/uploads/2020/10/shorthand/12/Nag4LcjYeg/assets/logo-who.png]
[www.ahpsr.org/wp-content/uploads/2020/10/shorthand/12/Nag4LcjYeg/assets/d1KNWwgBEP/1903-who-ghana-scroll-03-200x200.png]
[www.ahpsr.org/wp-content/uploads/2020/10/shorthand/12/Nag4LcjYeg/assets/8Gq4mz2XNN/landscape-1920x1080.jpg]
[www.ahpsr.org/wp-content/uploads/2020/10/shorthand/12/Nag4LcjYeg/assets/G9pue19z51/08_9t6a1839-750x1125.jpg]
[www.ahpsr.org/wp-content/uploads/2020/10/shorthand/12/Nag4LcjYeg/assets/ZbIaxtWnxM/11_0t1a5659-750x1125.jpg]
[www.ahpsr.org/wp-content/uploads/2020/10/shorthand/12/Nag4LcjYeg/static/story.21449.min.js]
[polymap.mkmrd.com/static/temp/who2/script.js]
[www.ahpsr.org/wp-content/themes/astra/assets/js/minified/style.minac9e.js]
[www.ahpsr.org/wp-includes/js/jquery/ui/effect.min35d0.js]
[www.ahpsr.org/wp-includes/js/jquery/ui/effect-slide.min35d0.js]
[www.ahpsr.org/wp-includes/js/jquery/ui/effect-highlight.min35d0.js]
[www.ahpsr.org/wp-includes/js/jquery/ui/effect-fold.min35d0.js]
[www.ahpsr.org/wp-includes/js/jquery/ui/effect-blind.min35d0.js]
[www.ahpsr.org/wp-content/plugins/show-hidecollapse-expand/assets/js/bg-show-hidec8d8.js]
[www.ahpsr.org/wp-content/plugins/sticky-block/dist/sticky-block.min5152.js]
[www.ahpsr.org/wp-content/plugins/ultimate-member/assets/js/select2/select2.full.min4819.js]
[www.ahpsr.org/wp-includes/js/wp-util.minc8d8.js]
[www.ahpsr.org/wp-content/plugins/ultimate-member/assets/js/um-crop.mina1ec.js]
[www.ahpsr.org/wp-includes/js/underscore.min0028.js]
[www.ahpsr.org/wp-content/plugins/ultimate-member/assets/js/um-modal.mina1ec.js]
[www.ahpsr.org/wp-content/plugins/ultimate-member/assets/js/um-fileuploada1ec.js]
[www.ahpsr.org/wp-content/plugins/ultimate-member/assets/js/um-jquery-form.mina1ec.js]
[www.ahpsr.org/wp-content/plugins/ultimate-member/assets/js/pickadate/pickera1ec.js]
[www.ahpsr.org/wp-content/plugins/ultimate-member/assets/js/pickadate/picker.timea1ec.js]
[www.ahpsr.org/wp-content/plugins/ultimate-member/assets/js/pickadate/picker.datea1ec.js]
[www.ahpsr.org/wp-includes/js/dist/vendor/regenerator-runtime.minb36a.js]
[www.ahpsr.org/wp-includes/js/dist/vendor/wp-polyfill.min2c7c.js]
[www.ahpsr.org/wp-includes/js/dist/hooks.mine16b.js]
[www.ahpsr.org/wp-includes/js/dist/i18n.min71a7.js]
[www.ahpsr.org/wp-content/plugins/ultimate-member/assets/js/um-raty.mina1ec.js]
[www.ahpsr.org/wp-content/plugins/ultimate-member/assets/js/um-tipsy.mina1ec.js]
[www.ahpsr.org/wp-includes/js/imagesloaded.mineda1.js]
[www.ahpsr.org/wp-includes/js/masonry.min3a05.js]
[www.ahpsr.org/wp-includes/js/jquery/jquery.masonry.minef70.js]
[www.ahpsr.org/wp-content/plugins/ultimate-member/assets/js/simplebar.mina1ec.js]
[www.ahpsr.org/wp-content/plugins/ultimate-member/assets/js/um-functions.mina1ec.js]
[www.ahpsr.org/wp-content/plugins/ultimate-member/assets/js/um-responsive.mina1ec.js]
[www.ahpsr.org/wp-content/plugins/ultimate-member/assets/js/um-conditional.mina1ec.js]
[www.ahpsr.org/wp-content/plugins/ultimate-member/assets/js/um-scripts.mina1ec.js]
[www.ahpsr.org/wp-content/plugins/ultimate-member/assets/js/um-profile.mina1ec.js]
[www.ahpsr.org/wp-content/plugins/ultimate-member/assets/js/um-account.mina1ec.js]
[www.ahpsr.org/wp-includes/js/wp-embed.minc8d8.js]
[www.ahpsr.org/stories/pillars-of-strength-embedded-research-resilience-mozambique/index.html]
[www.ahpsr.org/wp-content/themes/astra/assets/css/minified/style.minac9e.css]
[www.ahpsr.org/wp-content/themes/astra/assets/css/minified/menu-animation.minac9e.css]
[www.ahpsr.org/wp-includes/css/dist/block-library/style.minc8d8.css]
[www.ahpsr.org/wp-includes/css/dist/components/style.minc8d8.css]
[www.ahpsr.org/wp-includes/css/dist/block-editor/style.minc8d8.css]
[www.ahpsr.org/wp-includes/css/dist/nux/style.minc8d8.css]
[www.ahpsr.org/wp-includes/css/dist/reusable-blocks/style.minc8d8.css]
[www.ahpsr.org/wp-includes/css/dist/editor/style.minc8d8.css]
[www.ahpsr.org/wp-content/plugins/sticky-block/dist/blocks.style.build.css]
[www.ahpsr.org/wp-content/plugins/amazon-polly/public/css/amazonpolly-public8a54.css]
[use.typekit.net/af/8bdca4/00000000000000003b9b408f/27/l652f]
[use.typekit.net/af/8bdca4/00000000000000003b9b408f/27/d652f]
[use.typekit.net/af/8bdca4/00000000000000003b9b408f/27/a652f]
[use.typekit.net/af/8f1a23/00000000000000003b9b4090/27/le265]
[use.typekit.net/af/8f1a23/00000000000000003b9b4090/27/de265]
[use.typekit.net/af/8f1a23/00000000000000003b9b4090/27/ae265]
[use.typekit.net/af/80755f/00000000000000003b9b408d/27/l5bba]
[use.typekit.net/af/80755f/00000000000000003b9b408d/27/d5bba]
[use.typekit.net/af/80755f/00000000000000003b9b408d/27/a5bba]
[use.typekit.net/af/7d8f7e/00000000000000003b9b408c/27/l1f8b]
[use.typekit.net/af/7d8f7e/00000000000000003b9b408c/27/d1f8b]
[use.typekit.net/af/7d8f7e/00000000000000003b9b408c/27/a1f8b]
[use.typekit.net/af/969ded/00000000000000003b9b4081/27/l3eab]
[use.typekit.net/af/969ded/00000000000000003b9b4081/27/d3eab]
[use.typekit.net/af/969ded/00000000000000003b9b4081/27/a3eab]
[use.typekit.net/af/e2e00e/00000000000000003b9b407b/27/laaa3]
[use.typekit.net/af/e2e00e/00000000000000003b9b407b/27/daaa3]
[use.typekit.net/whn6etf2889.css]
[use.typekit.net/af/e2e00e/00000000000000003b9b407b/27/aaaa3]
[www.ahpsr.org/wp-content/plugins/show-hidecollapse-expand/assets/css/genericons/Genericonsd41d.eot]
[www.ahpsr.org/wp-content/plugins/show-hidecollapse-expand/assets/css/genericons/Genericons.ttf]
[www.ahpsr.org/wp-content/plugins/show-hidecollapse-expand/assets/css/genericons/genericonsc8d8.css]
[www.ahpsr.org/wp-content/plugins/show-hidecollapse-expand/assets/css/bg-show-hidec8d8.css]
[www.ahpsr.org/wp-content/plugins/ultimate-member/assets/css/um-fonticons-iia1ec.css]
[www.ahpsr.org/wp-content/plugins/ultimate-member/assets/css/um-fonticons-faa1ec.css]
[www.ahpsr.org/wp-content/plugins/ultimate-member/assets/css/select2/select2.min4819.css]
[www.ahpsr.org/wp-content/plugins/ultimate-member/assets/css/um-cropa1ec.css]
[www.ahpsr.org/wp-content/plugins/ultimate-member/assets/img/loading.gif]
[www.ahpsr.org/wp-content/plugins/ultimate-member/assets/css/um-modala1ec.css]
[www.ahpsr.org/wp-content/plugins/ultimate-member/assets/css/um-stylesa1ec.css]
[www.ahpsr.org/wp-content/plugins/ultimate-member/assets/img/loading-dots.gif]
[www.ahpsr.org/wp-content/plugins/ultimate-member/assets/css/um-profilea1ec.css]
[www.ahpsr.org/wp-content/plugins/ultimate-member/assets/css/um-accounta1ec.css]
[www.ahpsr.org/wp-content/plugins/ultimate-member/assets/css/um-misca1ec.css]
[www.ahpsr.org/wp-content/plugins/ultimate-member/assets/css/um-fileuploada1ec.css]
[www.ahpsr.org/wp-content/plugins/ultimate-member/assets/css/pickadate/defaulta1ec.css]
[www.ahpsr.org/wp-content/plugins/ultimate-member/assets/css/pickadate/default.datea1ec.css]
[www.ahpsr.org/wp-content/plugins/ultimate-member/assets/css/pickadate/default.timea1ec.css]
[www.ahpsr.org/wp-content/plugins/ultimate-member/assets/css/um-ratya1ec.css]
[www.ahpsr.org/wp-content/plugins/ultimate-member/assets/css/simplebara1ec.css]
[www.ahpsr.org/wp-content/plugins/ultimate-member/assets/css/um-tipsya1ec.css]
[www.ahpsr.org/wp-content/plugins/ultimate-member/assets/css/um-responsivea1ec.css]
[www.ahpsr.org/wp-content/plugins/ultimate-member/assets/css/um-old-defaulta1ec.css]
[www.ahpsr.org/wp-content/uploads/2020/10/shorthand/12/Nag4LcjYeg/static/story.21449.min.css]
[use.typekit.net/whn6etf.css]
[www.ahpsr.org/stories/pillars-of-strength-embedded-research-resilience-mozambique/Trident/index.html]
[www.ahpsr.org/stories/pillars-of-strength-embedded-research-resilience-mozambique/Googlebot/index.html]
[www.ahpsr.org/stories/pillars-of-strength-embedded-research-resilience-mozambique/shorthand.html]
[p.typekit.net/p537c.css]
[www.ahpsr.org/wp-content/plugins/show-hidecollapse-expand/assets/css/genericons/Genericons.svg]
